[    1059ms] [INFO] %cDownload the React DevTools for a better development experience: https://react.dev/link/react-devtools font-weight:bold @ http://localhost:3000/_next/static/chunks/node_modules_next_dist_115brz8._.js:2477
[    1079ms] [LOG] [HMR] connected @ http://localhost:3000/_next/static/chunks/node_modules_next_dist_115brz8._.js:2477
[    1254ms] [ERROR] Encountered two children with the same key, `%s`. Keys should be unique so that components maintain their identity across updates. Non-unique keys may cause children to be duplicated and/or omitted — the behavior is unsupported and could change in a future version. 3cec87c2-a008-4642-a788-f6895b4579f8 @ http://localhost:3000/_next/static/chunks/node_modules_next_dist_115brz8._.js:3318
[   25703ms] [ERROR] Encountered two children with the same key, `%s`. Keys should be unique so that components maintain their identity across updates. Non-unique keys may cause children to be duplicated and/or omitted — the behavior is unsupported and could change in a future version. 3cec87c2-a008-4642-a788-f6895b4579f8 @ http://localhost:3000/_next/static/chunks/node_modules_next_dist_115brz8._.js:3318
[   37683ms] [ERROR] Encountered two children with the same key, `%s`. Keys should be unique so that components maintain their identity across updates. Non-unique keys may cause children to be duplicated and/or omitted — the behavior is unsupported and could change in a future version. 3cec87c2-a008-4642-a788-f6895b4579f8 @ http://localhost:3000/_next/static/chunks/node_modules_next_dist_115brz8._.js:3318
[   62033ms] [LOG] [Fast Refresh] rebuilding @ http://localhost:3000/_next/static/chunks/node_modules_next_dist_115brz8._.js:2477
[   62053ms] [LOG] [Fast Refresh] done in 120ms @ http://localhost:3000/_next/static/chunks/node_modules_next_dist_115brz8._.js:2477
[   62398ms] [ERROR] Encountered two children with the same key, `%s`. Keys should be unique so that components maintain their identity across updates. Non-unique keys may cause children to be duplicated and/or omitted — the behavior is unsupported and could change in a future version. 3cec87c2-a008-4642-a788-f6895b4579f8 @ http://localhost:3000/_next/static/chunks/node_modules_next_dist_115brz8._.js:3318
[   73295ms] [ERROR] Encountered two children with the same key, `%s`. Keys should be unique so that components maintain their identity across updates. Non-unique keys may cause children to be duplicated and/or omitted — the behavior is unsupported and could change in a future version. 3cec87c2-a008-4642-a788-f6895b4579f8 @ http://localhost:3000/_next/static/chunks/node_modules_next_dist_115brz8._.js:3318
[  111896ms] [ERROR] Encountered two children with the same key, `%s`. Keys should be unique so that components maintain their identity across updates. Non-unique keys may cause children to be duplicated and/or omitted — the behavior is unsupported and could change in a future version. 3cec87c2-a008-4642-a788-f6895b4579f8 @ http://localhost:3000/_next/static/chunks/node_modules_next_dist_115brz8._.js:3318
[  156217ms] [LOG] [Fast Refresh] rebuilding @ http://localhost:3000/_next/static/chunks/node_modules_next_dist_115brz8._.js:2477
[  156236ms] [LOG] [Fast Refresh] done in 118ms @ http://localhost:3000/_next/static/chunks/node_modules_next_dist_115brz8._.js:2477
[  156859ms] [ERROR] Encountered two children with the same key, `%s`. Keys should be unique so that components maintain their identity across updates. Non-unique keys may cause children to be duplicated and/or omitted — the behavior is unsupported and could change in a future version. 3cec87c2-a008-4642-a788-f6895b4579f8 @ http://localhost:3000/_next/static/chunks/node_modules_next_dist_115brz8._.js:3318
[  172061ms] [LOG] [Fast Refresh] rebuilding @ http://localhost:3000/_next/static/chunks/node_modules_next_dist_115brz8._.js:2477
[  172061ms] [LOG] [Fast Refresh] done in 101ms @ http://localhost:3000/_next/static/chunks/node_modules_next_dist_115brz8._.js:2477
[  172537ms] [ERROR] Encountered two children with the same key, `%s`. Keys should be unique so that components maintain their identity across updates. Non-unique keys may cause children to be duplicated and/or omitted — the behavior is unsupported and could change in a future version. 3cec87c2-a008-4642-a788-f6895b4579f8 @ http://localhost:3000/_next/static/chunks/node_modules_next_dist_115brz8._.js:3318
[  178628ms] [LOG] [Fast Refresh] rebuilding @ http://localhost:3000/_next/static/chunks/node_modules_next_dist_115brz8._.js:2477
[  178632ms] [LOG] [Fast Refresh] done in 105ms @ http://localhost:3000/_next/static/chunks/node_modules_next_dist_115brz8._.js:2477
[  178828ms] [ERROR] Encountered two children with the same key, `%s`. Keys should be unique so that components maintain their identity across updates. Non-unique keys may cause children to be duplicated and/or omitted — the behavior is unsupported and could change in a future version. 3cec87c2-a008-4642-a788-f6895b4579f8 @ http://localhost:3000/_next/static/chunks/node_modules_next_dist_115brz8._.js:3318
[  185340ms] [ERROR] Encountered two children with the same key, `%s`. Keys should be unique so that components maintain their identity across updates. Non-unique keys may cause children to be duplicated and/or omitted — the behavior is unsupported and could change in a future version. 3cec87c2-a008-4642-a788-f6895b4579f8 @ http://localhost:3000/_next/static/chunks/node_modules_next_dist_115brz8._.js:3318
[  421949ms] [ERROR] Encountered two children with the same key, `%s`. Keys should be unique so that components maintain their identity across updates. Non-unique keys may cause children to be duplicated and/or omitted — the behavior is unsupported and could change in a future version. 3cec87c2-a008-4642-a788-f6895b4579f8 @ http://localhost:3000/_next/static/chunks/node_modules_next_dist_115brz8._.js:3318
